2026-09-29 18:27:24.254844: I tensorflow/core/util/port.cc:113] oneDNN custom operations are on. You may see slightly different numerical results due to floating-point round-off errors from different computation orders. To turn them off, set the environment variable `TF_ENABLE_ONEDNN_OPTS=0`.
2026-09-29 18:27:24.292874: E external/local_xla/xla/stream_executor/cuda/cuda_dnn.cc:9261] Unable to register cuDNN factory: Attempting to register factory for plugin cuDNN when one has already been registered
2026-09-29 18:27:24.292921: E external/local_xla/xla/stream_executor/cuda/cuda_fft.cc:607] Unable to register cuFFT factory: Attempting to register factory for plugin cuFFT when one has already been registered
2026-09-29 18:27:24.294184: E external/local_xla/xla/stream_executor/cuda/cuda_blas.cc:1515] Unable to register cuBLAS factory: Attempting to register factory for plugin cuBLAS when one has already been registered
2026-09-29 18:27:24.301552: I tensorflow/core/platform/cpu_feature_guard.cc:182] This TensorFlow binary is optimized to use available CPU instructions in performance-critical operations.
To enable the following instructions: AVX2 AVX512F AVX512_VNNI FMA, in other operations, rebuild TensorFlow with the appropriate compiler flags.
2026-09-29 18:27:25.241076: W tensorflow/compiler/tf2tensorrt/utils/py_utils.cc:38] TF-TRT Warning: Could not find TensorRT
[robosuite WARNING] No private macro file found! (__init__.py:7)
[robosuite WARNING] It is recommended to use a private macro file (__init__.py:8)
[robosuite WARNING] To setup, run: python /media/fulei/jlu/SpatialMemoryVLA/rollout_c16_step5000/.venv-rollout/lib/python3.10/site-packages/robosuite/scripts/setup_macros.py (__init__.py:9)
Traceback (most recent call last):
  File "/media/fulei/jlu/SpatialMemoryVLA/source/SpatialMemoryVLA/evaluation/libero/eval_libero.py", line 16, in <module>
    from libero_utils import (
  File "/media/fulei/jlu/SpatialMemoryVLA/source/SpatialMemoryVLA/evaluation/libero/libero_utils.py", line 8, in <module>
    from libero.libero.envs import OffScreenRenderEnv
  File "/media/fulei/jlu/SpatialMemoryVLA/source/SpatialMemoryVLA/third_libs/LIBERO/libero/libero/envs/__init__.py", line 1, in <module>
    from .bddl_base_domain import TASK_MAPPING
  File "/media/fulei/jlu/SpatialMemoryVLA/source/SpatialMemoryVLA/third_libs/LIBERO/libero/libero/envs/bddl_base_domain.py", line 3, in <module>
    import robosuite.utils.transform_utils as T
  File "/media/fulei/jlu/SpatialMemoryVLA/rollout_c16_step5000/.venv-rollout/lib/python3.10/site-packages/robosuite/__init__.py", line 11, in <module>
    from robosuite.environments.base import make
  File "/media/fulei/jlu/SpatialMemoryVLA/rollout_c16_step5000/.venv-rollout/lib/python3.10/site-packages/robosuite/environments/__init__.py", line 1, in <module>
    from .base import REGISTERED_ENVS, MujocoEnv
  File "/media/fulei/jlu/SpatialMemoryVLA/rollout_c16_step5000/.venv-rollout/lib/python3.10/site-packages/robosuite/environments/base.py", line 12, in <module>
    from robosuite.utils.binding_utils import MjRenderContextOffscreen, MjSim
  File "/media/fulei/jlu/SpatialMemoryVLA/rollout_c16_step5000/.venv-rollout/lib/python3.10/site-packages/robosuite/utils/binding_utils.py", line 34, in <module>
    MUJOCO_EGL_DEVICE_ID in CUDA_VISIBLE_DEVICES
AssertionError: MUJOCO_EGL_DEVICE_ID needs to be set to one of the device id specified in CUDA_VISIBLE_DEVICES
