2026-09-29 18:27:24.254847: I tensorflow/core/util/port.cc:113] oneDNN custom operations are on. You may see slightly different numerical results due to floating-point round-off errors from different computation orders. To turn them off, set the environment variable `TF_ENABLE_ONEDNN_OPTS=0`.
2026-09-29 18:27:24.292675: E external/local_xla/xla/stream_executor/cuda/cuda_dnn.cc:9261] Unable to register cuDNN factory: Attempting to register factory for plugin cuDNN when one has already been registered
2026-09-29 18:27:24.292755: E external/local_xla/xla/stream_executor/cuda/cuda_fft.cc:607] Unable to register cuFFT factory: Attempting to register factory for plugin cuFFT when one has already been registered
2026-09-29 18:27:24.294183: E external/local_xla/xla/stream_executor/cuda/cuda_blas.cc:1515] Unable to register cuBLAS factory: Attempting to register factory for plugin cuBLAS when one has already been registered
2026-09-29 18:27:24.301551: I tensorflow/core/platform/cpu_feature_guard.cc:182] This TensorFlow binary is optimized to use available CPU instructions in performance-critical operations.
To enable the following instructions: AVX2 AVX512F AVX512_VNNI FMA, in other operations, rebuild TensorFlow with the appropriate compiler flags.
2026-09-29 18:27:25.241081: W tensorflow/compiler/tf2tensorrt/utils/py_utils.cc:38] TF-TRT Warning: Could not find TensorRT
[robosuite WARNING] No private macro file found! (__init__.py:7)
[robosuite WARNING] It is recommended to use a private macro file (__init__.py:8)
[robosuite WARNING] To setup, run: python /media/fulei/jlu/SpatialMemoryVLA/rollout_c16_step5000/.venv-rollout/lib/python3.10/site-packages/robosuite/scripts/setup_macros.py (__init__.py:9)
Gym has been unmaintained since 2022 and does not support NumPy 2.0 amongst other critical functionality.
Please upgrade to Gymnasium, the maintained drop-in replacement of Gym, or contact the authors of your software and request that they upgrade.
See the migration guide at https://gymnasium.farama.org/introduction/migration_guide/ for additional information.
Logging to local log file: /media/fulei/jlu/SpatialMemoryVLA/rollout_c16_step5000/evaluations/C16-seed42-normal-full8-full12-20260929T101756Z/normal/task-0/libero_spatial-50trials-seed7-C16-normal-task0-2026_09_29-18_27_27.txt
[info] using task orders [0, 1, 2, 3, 4, 5, 6, 7, 8, 9]
Task suite: libero_spatial
  0%|          | 0/10 [00:00<?, ?it/s]
  0%|          | 0/50 [00:00<?, ?it/s][A
  2%|▏         | 1/50 [00:16<13:18, 16.30s/it][A
  4%|▍         | 2/50 [00:32<12:49, 16.04s/it][A
  6%|▌         | 3/50 [00:47<12:15, 15.65s/it][A
  8%|▊         | 4/50 [01:03<12:01, 15.68s/it][A
 10%|█         | 5/50 [01:14<10:36, 14.14s/it][A 10%|█         | 5/50 [01:23<12:33, 16.74s/it]
  0%|          | 0/10 [01:27<?, ?it/s]

Task: pick up the black bowl between the plate and the ramekin and place it on the plate
Starting episode 1 (global index 0)...
Success: False
# episodes completed so far: 1
# successes: 0 (0.0%)

Task: pick up the black bowl between the plate and the ramekin and place it on the plate
Starting episode 2 (global index 1)...
Success: False
# episodes completed so far: 2
# successes: 0 (0.0%)

Task: pick up the black bowl between the plate and the ramekin and place it on the plate
Starting episode 3 (global index 2)...
Success: False
# episodes completed so far: 3
# successes: 0 (0.0%)

Task: pick up the black bowl between the plate and the ramekin and place it on the plate
Starting episode 4 (global index 3)...
Success: False
# episodes completed so far: 4
# successes: 0 (0.0%)

Task: pick up the black bowl between the plate and the ramekin and place it on the plate
Starting episode 5 (global index 4)...
Success: True
# episodes completed so far: 5
# successes: 1 (20.0%)

Task: pick up the black bowl between the plate and the ramekin and place it on the plate
Starting episode 6 (global index 5)...
Traceback (most recent call last):
  File "/media/fulei/jlu/SpatialMemoryVLA/source/SpatialMemoryVLA/evaluation/libero/eval_libero.py", line 561, in <module>
    eval_libero()
  File "/media/fulei/jlu/SpatialMemoryVLA/rollout_c16_step5000/.venv-rollout/lib/python3.10/site-packages/draccus/argparsing.py", line 234, in wrapper_inner
    response = fn(cfg, *args, **kwargs)
  File "/media/fulei/jlu/SpatialMemoryVLA/source/SpatialMemoryVLA/evaluation/libero/eval_libero.py", line 406, in eval_libero
    obs, reward, done, info = env.step(action_chunk)
  File "/media/fulei/jlu/SpatialMemoryVLA/source/SpatialMemoryVLA/third_libs/LIBERO/libero/libero/envs/env_wrapper.py", line 88, in step
    return self.env.step(action)
  File "/media/fulei/jlu/SpatialMemoryVLA/source/SpatialMemoryVLA/third_libs/LIBERO/libero/libero/envs/bddl_base_domain.py", line 806, in step
    obs, reward, done, info = super().step(action)
  File "/media/fulei/jlu/SpatialMemoryVLA/rollout_c16_step5000/.venv-rollout/lib/python3.10/site-packages/robosuite/environments/base.py", line 391, in step
    self.sim.step()
  File "/media/fulei/jlu/SpatialMemoryVLA/rollout_c16_step5000/.venv-rollout/lib/python3.10/site-packages/robosuite/utils/binding_utils.py", line 1092, in step
    mujoco.mj_step(self.model._model, self.data._data)
KeyboardInterrupt
Exception ignored in: <function MjRenderContext.__del__ at 0x7f5ad5b6fd90>
Traceback (most recent call last):
  File "/media/fulei/jlu/SpatialMemoryVLA/rollout_c16_step5000/.venv-rollout/lib/python3.10/site-packages/robosuite/utils/binding_utils.py", line 199, in __del__
  File "/media/fulei/jlu/SpatialMemoryVLA/rollout_c16_step5000/.venv-rollout/lib/python3.10/site-packages/robosuite/renderers/context/egl_context.py", line 149, in free
  File "/media/fulei/jlu/SpatialMemoryVLA/rollout_c16_step5000/.venv-rollout/lib/python3.10/site-packages/OpenGL/error.py", line 230, in glCheckError
OpenGL.raw.EGL._errors.EGLError: <exception str() failed>
Exception ignored in: <function EGLGLContext.__del__ at 0x7f5ad5b6fbe0>
Traceback (most recent call last):
  File "/media/fulei/jlu/SpatialMemoryVLA/rollout_c16_step5000/.venv-rollout/lib/python3.10/site-packages/robosuite/renderers/context/egl_context.py", line 155, in __del__
  File "/media/fulei/jlu/SpatialMemoryVLA/rollout_c16_step5000/.venv-rollout/lib/python3.10/site-packages/robosuite/renderers/context/egl_context.py", line 149, in free
  File "/media/fulei/jlu/SpatialMemoryVLA/rollout_c16_step5000/.venv-rollout/lib/python3.10/site-packages/OpenGL/error.py", line 230, in glCheckError
OpenGL.raw.EGL._errors.EGLError: <exception str() failed>
