2026-09-06 19:42:14.962819: I tensorflow/core/util/port.cc:113] oneDNN custom operations are on. You may see slightly different numerical results due to floating-point round-off errors from different computation orders. To turn them off, set the environment variable `TF_ENABLE_ONEDNN_OPTS=0`.
2026-09-06 19:42:15.000653: E external/local_xla/xla/stream_executor/cuda/cuda_dnn.cc:9261] Unable to register cuDNN factory: Attempting to register factory for plugin cuDNN when one has already been registered
2026-09-06 19:42:15.000734: E external/local_xla/xla/stream_executor/cuda/cuda_fft.cc:607] Unable to register cuFFT factory: Attempting to register factory for plugin cuFFT when one has already been registered
2026-09-06 19:42:15.001878: E external/local_xla/xla/stream_executor/cuda/cuda_blas.cc:1515] Unable to register cuBLAS factory: Attempting to register factory for plugin cuBLAS when one has already been registered
2026-09-06 19:42:15.007712: I tensorflow/core/platform/cpu_feature_guard.cc:182] This TensorFlow binary is optimized to use available CPU instructions in performance-critical operations.
To enable the following instructions: AVX2 AVX512F AVX512_VNNI FMA, in other operations, rebuild TensorFlow with the appropriate compiler flags.
2026-09-06 19:42:15.714177: W tensorflow/compiler/tf2tensorrt/utils/py_utils.cc:38] TF-TRT Warning: Could not find TensorRT
[robosuite WARNING] No private macro file found! (__init__.py:7)
[robosuite WARNING] It is recommended to use a private macro file (__init__.py:8)
[robosuite WARNING] To setup, run: python /home/SpatialMemoryVLA/.venv/lib/python3.10/site-packages/robosuite/scripts/setup_macros.py (__init__.py:9)
Gym has been unmaintained since 2022 and does not support NumPy 2.0 amongst other critical functionality.
Please upgrade to Gymnasium, the maintained drop-in replacement of Gym, or contact the authors of your software and request that they upgrade.
See the migration guide at https://gymnasium.farama.org/introduction/migration_guide/ for additional information.
Logging to local log file: /media/fulei/jlu/libero_staged_20260906/libero10_task4/A/libero_10/task-004/libero_10-50trials-seed7-A-50ep-task4-seed7-ac8-2026_09_06-19_42_16.txt
[info] using task orders [0, 1, 2, 3, 4, 5, 6, 7, 8, 9]
Task suite: libero_10
  0%|          | 0/10 [00:00<?, ?it/s]Skipping task 0...
Skipping task 1...
Skipping task 2...
Skipping task 3...

  0%|          | 0/50 [00:00<?, ?it/s][A
  2%|▏         | 1/50 [01:08<56:16, 68.91s/it][A