+ local gpu=0 port=27920 task=0 out=/media/fulei/jlu/SpatialMemoryVLA/rollout_c16_step5000/evaluations/B-oldrecipe-step5000-normal-20260930T042753Z/normal/task-0
+ cd /media/fulei/jlu/SpatialMemoryVLA/source/SpatialMemoryVLA
+ env CUDA_VISIBLE_DEVICES=0 MUJOCO_GL=egl MUJOCO_EGL_DEVICE_ID=0 /media/fulei/jlu/SpatialMemoryVLA/rollout_c16_step5000/.venv-rollout/bin/python evaluation/libero/eval_libero.py --model B-step5000-oldrecipe --task_suite_name libero_spatial --num_trials_per_task 50 --spcial_task_id 0 --seed 7 --hard_case normal --run_id_note B-normal-task0 --local_log_dir /media/fulei/jlu/SpatialMemoryVLA/rollout_c16_step5000/evaluations/B-oldrecipe-step5000-normal-20260930T042753Z/normal/task-0 --port 27920 --save_rollout_videos False
2026-09-30 12:32:15.672313: I tensorflow/core/util/port.cc:113] oneDNN custom operations are on. You may see slightly different numerical results due to floating-point round-off errors from different computation orders. To turn them off, set the environment variable `TF_ENABLE_ONEDNN_OPTS=0`.
2026-09-30 12:32:15.712376: E external/local_xla/xla/stream_executor/cuda/cuda_dnn.cc:9261] Unable to register cuDNN factory: Attempting to register factory for plugin cuDNN when one has already been registered
2026-09-30 12:32:15.712432: E external/local_xla/xla/stream_executor/cuda/cuda_fft.cc:607] Unable to register cuFFT factory: Attempting to register factory for plugin cuFFT when one has already been registered
2026-09-30 12:32:15.713678: E external/local_xla/xla/stream_executor/cuda/cuda_blas.cc:1515] Unable to register cuBLAS factory: Attempting to register factory for plugin cuBLAS when one has already been registered
2026-09-30 12:32:15.720550: I tensorflow/core/platform/cpu_feature_guard.cc:182] This TensorFlow binary is optimized to use available CPU instructions in performance-critical operations.
To enable the following instructions: AVX2 AVX512F AVX512_VNNI FMA, in other operations, rebuild TensorFlow with the appropriate compiler flags.
2026-09-30 12:32:16.514201: W tensorflow/compiler/tf2tensorrt/utils/py_utils.cc:38] TF-TRT Warning: Could not find TensorRT
[robosuite WARNING] No private macro file found! (__init__.py:7)
[robosuite WARNING] It is recommended to use a private macro file (__init__.py:8)
[robosuite WARNING] To setup, run: python /media/fulei/jlu/SpatialMemoryVLA/rollout_c16_step5000/.venv-rollout/lib/python3.10/site-packages/robosuite/scripts/setup_macros.py (__init__.py:9)
Gym has been unmaintained since 2022 and does not support NumPy 2.0 amongst other critical functionality.
Please upgrade to Gymnasium, the maintained drop-in replacement of Gym, or contact the authors of your software and request that they upgrade.
See the migration guide at https://gymnasium.farama.org/introduction/migration_guide/ for additional information.
Logging to local log file: /media/fulei/jlu/SpatialMemoryVLA/rollout_c16_step5000/evaluations/B-oldrecipe-step5000-normal-20260930T042753Z/normal/task-0/libero_spatial-50trials-seed7-B-normal-task0-2026_09_30-12_32_19.txt
[info] using task orders [0, 1, 2, 3, 4, 5, 6, 7, 8, 9]
Task suite: libero_spatial
  0%|          | 0/10 [00:00<?, ?it/s]
  0%|          | 0/50 [00:00<?, ?it/s][A
  2%|▏         | 1/50 [00:17<14:04, 17.24s/it][A
  4%|▍         | 2/50 [00:24<09:08, 11.42s/it][A
  6%|▌         | 3/50 [00:31<07:26,  9.50s/it][A
  8%|▊         | 4/50 [00:39<06:48,  8.88s/it][A
 10%|█         | 5/50 [00:46<06:08,  8.19s/it][A
 12%|█▏        | 6/50 [00:54<05:51,  7.98s/it][A
 14%|█▍        | 7/50 [01:01<05:32,  7.73s/it][A
 16%|█▌        | 8/50 [01:09<05:26,  7.78s/it][A
 18%|█▊        | 9/50 [01:16<05:14,  7.66s/it][A
 20%|██        | 10/50 [01:24<05:02,  7.56s/it][A