2026-09-30 10:02:46.957147: I tensorflow/core/util/port.cc:113] oneDNN custom operations are on. You may see slightly different numerical results due to floating-point round-off errors from different computation orders. To turn them off, set the environment variable `TF_ENABLE_ONEDNN_OPTS=0`.
2026-09-30 10:02:46.995612: E external/local_xla/xla/stream_executor/cuda/cuda_dnn.cc:9261] Unable to register cuDNN factory: Attempting to register factory for plugin cuDNN when one has already been registered
2026-09-30 10:02:46.995669: E external/local_xla/xla/stream_executor/cuda/cuda_fft.cc:607] Unable to register cuFFT factory: Attempting to register factory for plugin cuFFT when one has already been registered
2026-09-30 10:02:46.997072: E external/local_xla/xla/stream_executor/cuda/cuda_blas.cc:1515] Unable to register cuBLAS factory: Attempting to register factory for plugin cuBLAS when one has already been registered
2026-09-30 10:02:47.004198: I tensorflow/core/platform/cpu_feature_guard.cc:182] This TensorFlow binary is optimized to use available CPU instructions in performance-critical operations.
To enable the following instructions: AVX2 AVX512F AVX512_VNNI FMA, in other operations, rebuild TensorFlow with the appropriate compiler flags.
2026-09-30 10:02:47.712750: W tensorflow/compiler/tf2tensorrt/utils/py_utils.cc:38] TF-TRT Warning: Could not find TensorRT
[robosuite WARNING] No private macro file found! (__init__.py:7)
[robosuite WARNING] It is recommended to use a private macro file (__init__.py:8)
[robosuite WARNING] To setup, run: python /media/fulei/jlu/SpatialMemoryVLA/rollout_c16_step5000/.venv-rollout/lib/python3.10/site-packages/robosuite/scripts/setup_macros.py (__init__.py:9)
Gym has been unmaintained since 2022 and does not support NumPy 2.0 amongst other critical functionality.
Please upgrade to Gymnasium, the maintained drop-in replacement of Gym, or contact the authors of your software and request that they upgrade.
See the migration guide at https://gymnasium.farama.org/introduction/migration_guide/ for additional information.
Logging to local log file: /media/fulei/jlu/SpatialMemoryVLA/rollout_c16_step5000/evaluations/C16-oldrecipe-checkpoint-screen-20260930T015536Z/step500/normal/task-8/libero_spatial-10trials-seed7-C16-step500-normal-task8-2026_09_30-10_02_48.txt
[info] using task orders [0, 1, 2, 3, 4, 5, 6, 7, 8, 9]
Task suite: libero_spatial
  0%|          | 0/10 [00:00<?, ?it/s]Skipping task 0...
Skipping task 1...
Skipping task 2...
Skipping task 3...
Skipping task 4...
Skipping task 5...
Skipping task 6...
Skipping task 7...

  0%|          | 0/10 [00:00<?, ?it/s][A
 10%|█         | 1/10 [00:15<02:20, 15.60s/it][A
 20%|██        | 2/10 [00:31<02:06, 15.80s/it][A
 30%|███       | 3/10 [00:47<01:50, 15.78s/it][A
 40%|████      | 4/10 [01:03<01:34, 15.81s/it][A
 50%|█████     | 5/10 [01:18<01:19, 15.81s/it][A
 60%|██████    | 6/10 [01:27<00:53, 13.41s/it][A
 70%|███████   | 7/10 [01:43<00:42, 14.22s/it][A
 80%|████████  | 8/10 [01:51<00:24, 12.29s/it][A
 90%|█████████ | 9/10 [02:01<00:11, 11.36s/it][A
100%|██████████| 10/10 [02:15<00:00, 12.29s/it][A100%|██████████| 10/10 [02:15<00:00, 13.55s/it]
 90%|█████████ | 9/10 [02:18<00:15, 15.44s/it]100%|██████████| 10/10 [02:18<00:00, 13.89s/it]

Task: pick up the black bowl next to the plate and place it on the plate
Starting episode 1 (global index 0)...
Success: False
# episodes completed so far: 1
# successes: 0 (0.0%)

Task: pick up the black bowl next to the plate and place it on the plate
Starting episode 2 (global index 1)...
Success: False
# episodes completed so far: 2
# successes: 0 (0.0%)

Task: pick up the black bowl next to the plate and place it on the plate
Starting episode 3 (global index 2)...
Success: False
# episodes completed so far: 3
# successes: 0 (0.0%)

Task: pick up the black bowl next to the plate and place it on the plate
Starting episode 4 (global index 3)...
Success: False
# episodes completed so far: 4
# successes: 0 (0.0%)

Task: pick up the black bowl next to the plate and place it on the plate
Starting episode 5 (global index 4)...
Success: False
# episodes completed so far: 5
# successes: 0 (0.0%)

Task: pick up the black bowl next to the plate and place it on the plate
Starting episode 6 (global index 5)...
Success: True
# episodes completed so far: 6
# successes: 1 (16.7%)

Task: pick up the black bowl next to the plate and place it on the plate
Starting episode 7 (global index 6)...
Success: False
# episodes completed so far: 7
# successes: 1 (14.3%)

Task: pick up the black bowl next to the plate and place it on the plate
Starting episode 8 (global index 7)...
Success: True
# episodes completed so far: 8
# successes: 2 (25.0%)

Task: pick up the black bowl next to the plate and place it on the plate
Starting episode 9 (global index 8)...
Success: True
# episodes completed so far: 9
# successes: 3 (33.3%)

Task: pick up the black bowl next to the plate and place it on the plate
Starting episode 10 (global index 9)...
Success: True
# episodes completed so far: 10
# successes: 4 (40.0%)
Current task success rate: 0.4
Current total success rate: 0.4
Skipping task 9...
