2026-09-29 21:04:23.814788: I tensorflow/core/util/port.cc:113] oneDNN custom operations are on. You may see slightly different numerical results due to floating-point round-off errors from different computation orders. To turn them off, set the environment variable `TF_ENABLE_ONEDNN_OPTS=0`.
2026-09-29 21:04:23.852226: E external/local_xla/xla/stream_executor/cuda/cuda_dnn.cc:9261] Unable to register cuDNN factory: Attempting to register factory for plugin cuDNN when one has already been registered
2026-09-29 21:04:23.852279: E external/local_xla/xla/stream_executor/cuda/cuda_fft.cc:607] Unable to register cuFFT factory: Attempting to register factory for plugin cuFFT when one has already been registered
2026-09-29 21:04:23.853527: E external/local_xla/xla/stream_executor/cuda/cuda_blas.cc:1515] Unable to register cuBLAS factory: Attempting to register factory for plugin cuBLAS when one has already been registered
2026-09-29 21:04:23.860443: I tensorflow/core/platform/cpu_feature_guard.cc:182] This TensorFlow binary is optimized to use available CPU instructions in performance-critical operations.
To enable the following instructions: AVX2 AVX512F AVX512_VNNI FMA, in other operations, rebuild TensorFlow with the appropriate compiler flags.
2026-09-29 21:04:24.832824: W tensorflow/compiler/tf2tensorrt/utils/py_utils.cc:38] TF-TRT Warning: Could not find TensorRT
[robosuite WARNING] No private macro file found! (__init__.py:7)
[robosuite WARNING] It is recommended to use a private macro file (__init__.py:8)
[robosuite WARNING] To setup, run: python /media/fulei/jlu/SpatialMemoryVLA/rollout_c16_step5000/.venv-rollout/lib/python3.10/site-packages/robosuite/scripts/setup_macros.py (__init__.py:9)
Gym has been unmaintained since 2022 and does not support NumPy 2.0 amongst other critical functionality.
Please upgrade to Gymnasium, the maintained drop-in replacement of Gym, or contact the authors of your software and request that they upgrade.
See the migration guide at https://gymnasium.farama.org/introduction/migration_guide/ for additional information.
Logging to local log file: /media/fulei/jlu/SpatialMemoryVLA/rollout_c16_step5000/evaluations/diagnostic-c16-step2k-step4k/step4000/normal/task-0/libero_spatial-5trials-seed7-C16-step4000-normal-task0-2026_09_29-21_04_26.txt
[info] using task orders [0, 1, 2, 3, 4, 5, 6, 7, 8, 9]
Task suite: libero_spatial
  0%|          | 0/10 [00:00<?, ?it/s]
  0%|          | 0/5 [00:00<?, ?it/s][A
 20%|██        | 1/5 [00:16<01:06, 16.63s/it][A
 40%|████      | 2/5 [00:32<00:48, 16.19s/it][A
 60%|██████    | 3/5 [00:47<00:31, 15.64s/it][A
 80%|████████  | 4/5 [01:02<00:15, 15.52s/it][A
100%|██████████| 5/5 [01:14<00:00, 14.15s/it][A100%|██████████| 5/5 [01:14<00:00, 14.91s/it]
 10%|█         | 1/10 [01:18<11:46, 78.48s/it]100%|██████████| 10/10 [01:18<00:00,  7.85s/it]

Task: pick up the black bowl between the plate and the ramekin and place it on the plate
Starting episode 1 (global index 0)...
Success: False
# episodes completed so far: 1
# successes: 0 (0.0%)

Task: pick up the black bowl between the plate and the ramekin and place it on the plate
Starting episode 2 (global index 1)...
Success: False
# episodes completed so far: 2
# successes: 0 (0.0%)

Task: pick up the black bowl between the plate and the ramekin and place it on the plate
Starting episode 3 (global index 2)...
Success: False
# episodes completed so far: 3
# successes: 0 (0.0%)

Task: pick up the black bowl between the plate and the ramekin and place it on the plate
Starting episode 4 (global index 3)...
Success: False
# episodes completed so far: 4
# successes: 0 (0.0%)

Task: pick up the black bowl between the plate and the ramekin and place it on the plate
Starting episode 5 (global index 4)...
Success: True
# episodes completed so far: 5
# successes: 1 (20.0%)
Current task success rate: 0.2
Current total success rate: 0.2
Skipping task 1...
Skipping task 2...
Skipping task 3...
Skipping task 4...
Skipping task 5...
Skipping task 6...
Skipping task 7...
Skipping task 8...
Skipping task 9...
