2026-09-30 10:08:10.634167: I tensorflow/core/util/port.cc:113] oneDNN custom operations are on. You may see slightly different numerical results due to floating-point round-off errors from different computation orders. To turn them off, set the environment variable `TF_ENABLE_ONEDNN_OPTS=0`.
2026-09-30 10:08:10.672714: E external/local_xla/xla/stream_executor/cuda/cuda_dnn.cc:9261] Unable to register cuDNN factory: Attempting to register factory for plugin cuDNN when one has already been registered
2026-09-30 10:08:10.672785: E external/local_xla/xla/stream_executor/cuda/cuda_fft.cc:607] Unable to register cuFFT factory: Attempting to register factory for plugin cuFFT when one has already been registered
2026-09-30 10:08:10.674182: E external/local_xla/xla/stream_executor/cuda/cuda_blas.cc:1515] Unable to register cuBLAS factory: Attempting to register factory for plugin cuBLAS when one has already been registered
2026-09-30 10:08:10.681411: I tensorflow/core/platform/cpu_feature_guard.cc:182] This TensorFlow binary is optimized to use available CPU instructions in performance-critical operations.
To enable the following instructions: AVX2 AVX512F AVX512_VNNI FMA, in other operations, rebuild TensorFlow with the appropriate compiler flags.
2026-09-30 10:08:11.527342: W tensorflow/compiler/tf2tensorrt/utils/py_utils.cc:38] TF-TRT Warning: Could not find TensorRT
[robosuite WARNING] No private macro file found! (__init__.py:7)
[robosuite WARNING] It is recommended to use a private macro file (__init__.py:8)
[robosuite WARNING] To setup, run: python /media/fulei/jlu/SpatialMemoryVLA/rollout_c16_step5000/.venv-rollout/lib/python3.10/site-packages/robosuite/scripts/setup_macros.py (__init__.py:9)
Gym has been unmaintained since 2022 and does not support NumPy 2.0 amongst other critical functionality.
Please upgrade to Gymnasium, the maintained drop-in replacement of Gym, or contact the authors of your software and request that they upgrade.
See the migration guide at https://gymnasium.farama.org/introduction/migration_guide/ for additional information.
Logging to local log file: /media/fulei/jlu/SpatialMemoryVLA/rollout_c16_step5000/evaluations/C16-oldrecipe-checkpoint-screen-20260930T015536Z/step5000/normal/task-0/libero_spatial-10trials-seed7-C16-step5000-normal-task0-2026_09_30-10_08_12.txt
[info] using task orders [0, 1, 2, 3, 4, 5, 6, 7, 8, 9]
Task suite: libero_spatial
  0%|          | 0/10 [00:00<?, ?it/s]
  0%|          | 0/10 [00:00<?, ?it/s][A
 10%|█         | 1/10 [00:08<01:12,  8.01s/it][A
 20%|██        | 2/10 [00:15<01:01,  7.67s/it][A
 30%|███       | 3/10 [00:22<00:52,  7.49s/it][A
 40%|████      | 4/10 [00:30<00:45,  7.62s/it][A
 50%|█████     | 5/10 [00:37<00:37,  7.53s/it][A
 60%|██████    | 6/10 [00:44<00:29,  7.36s/it][A
 70%|███████   | 7/10 [00:52<00:22,  7.50s/it][A
 80%|████████  | 8/10 [01:00<00:14,  7.50s/it][A
 90%|█████████ | 9/10 [01:07<00:07,  7.50s/it][A
100%|██████████| 10/10 [01:15<00:00,  7.60s/it][A100%|██████████| 10/10 [01:15<00:00,  7.55s/it]
 10%|█         | 1/10 [01:19<11:51, 79.09s/it]100%|██████████| 10/10 [01:19<00:00,  7.91s/it]

Task: pick up the black bowl between the plate and the ramekin and place it on the plate
Starting episode 1 (global index 0)...
Success: True
# episodes completed so far: 1
# successes: 1 (100.0%)

Task: pick up the black bowl between the plate and the ramekin and place it on the plate
Starting episode 2 (global index 1)...
Success: True
# episodes completed so far: 2
# successes: 2 (100.0%)

Task: pick up the black bowl between the plate and the ramekin and place it on the plate
Starting episode 3 (global index 2)...
Success: True
# episodes completed so far: 3
# successes: 3 (100.0%)

Task: pick up the black bowl between the plate and the ramekin and place it on the plate
Starting episode 4 (global index 3)...
Success: True
# episodes completed so far: 4
# successes: 4 (100.0%)

Task: pick up the black bowl between the plate and the ramekin and place it on the plate
Starting episode 5 (global index 4)...
Success: True
# episodes completed so far: 5
# successes: 5 (100.0%)

Task: pick up the black bowl between the plate and the ramekin and place it on the plate
Starting episode 6 (global index 5)...
Success: True
# episodes completed so far: 6
# successes: 6 (100.0%)

Task: pick up the black bowl between the plate and the ramekin and place it on the plate
Starting episode 7 (global index 6)...
Success: True
# episodes completed so far: 7
# successes: 7 (100.0%)

Task: pick up the black bowl between the plate and the ramekin and place it on the plate
Starting episode 8 (global index 7)...
Success: True
# episodes completed so far: 8
# successes: 8 (100.0%)

Task: pick up the black bowl between the plate and the ramekin and place it on the plate
Starting episode 9 (global index 8)...
Success: True
# episodes completed so far: 9
# successes: 9 (100.0%)

Task: pick up the black bowl between the plate and the ramekin and place it on the plate
Starting episode 10 (global index 9)...
Success: True
# episodes completed so far: 10
# successes: 10 (100.0%)
Current task success rate: 1.0
Current total success rate: 1.0
Skipping task 1...
Skipping task 2...
Skipping task 3...
Skipping task 4...
Skipping task 5...
Skipping task 6...
Skipping task 7...
Skipping task 8...
Skipping task 9...
