2026-09-17 12:38:41.817848: I tensorflow/core/util/port.cc:113] oneDNN custom operations are on. You may see slightly different numerical results due to floating-point round-off errors from different computation orders. To turn them off, set the environment variable `TF_ENABLE_ONEDNN_OPTS=0`.
2026-09-17 12:38:41.856382: E external/local_xla/xla/stream_executor/cuda/cuda_dnn.cc:9261] Unable to register cuDNN factory: Attempting to register factory for plugin cuDNN when one has already been registered
2026-09-17 12:38:41.856454: E external/local_xla/xla/stream_executor/cuda/cuda_fft.cc:607] Unable to register cuFFT factory: Attempting to register factory for plugin cuFFT when one has already been registered
2026-09-17 12:38:41.857980: E external/local_xla/xla/stream_executor/cuda/cuda_blas.cc:1515] Unable to register cuBLAS factory: Attempting to register factory for plugin cuBLAS when one has already been registered
2026-09-17 12:38:41.864612: I tensorflow/core/platform/cpu_feature_guard.cc:182] This TensorFlow binary is optimized to use available CPU instructions in performance-critical operations.
To enable the following instructions: AVX2 AVX512F AVX512_VNNI FMA, in other operations, rebuild TensorFlow with the appropriate compiler flags.
2026-09-17 12:38:42.547898: W tensorflow/compiler/tf2tensorrt/utils/py_utils.cc:38] TF-TRT Warning: Could not find TensorRT
[robosuite WARNING] No private macro file found! (__init__.py:7)
[robosuite WARNING] It is recommended to use a private macro file (__init__.py:8)
[robosuite WARNING] To setup, run: python /root/SpatialMemoryVLA/.venv/lib/python3.10/site-packages/robosuite/scripts/setup_macros.py (__init__.py:9)
Gym has been unmaintained since 2022 and does not support NumPy 2.0 amongst other critical functionality.
Please upgrade to Gymnasium, the maintained drop-in replacement of Gym, or contact the authors of your software and request that they upgrade.
See the migration guide at https://gymnasium.farama.org/introduction/migration_guide/ for additional information.
Logging to local log file: /media/fulei/jlu/SpatialMemoryVLA/evaluations/libero_spatial_occ_b_c1_c16_500step_pilot_v2/B/normal/task-0/libero_spatial-1trials-seed7-B-normal-task0-2026_09_17-12_38_43.txt
[info] using task orders [0, 1, 2, 3, 4, 5, 6, 7, 8, 9]
Task suite: libero_spatial
  0%|          | 0/10 [00:00<?, ?it/s]
  0%|          | 0/1 [00:00<?, ?it/s][A
100%|██████████| 1/1 [00:07<00:00,  7.78s/it][A100%|██████████| 1/1 [00:07<00:00,  7.78s/it]
 10%|█         | 1/10 [00:11<01:42, 11.44s/it]100%|██████████| 10/10 [00:11<00:00,  1.14s/it]

Task: pick up the black bowl between the plate and the ramekin and place it on the plate
Starting episode 1 (global index 0)...
Success: True
# episodes completed so far: 1
# successes: 1 (100.0%)
Current task success rate: 1.0
Current total success rate: 1.0
Skipping task 1...
Skipping task 2...
Skipping task 3...
Skipping task 4...
Skipping task 5...
Skipping task 6...
Skipping task 7...
Skipping task 8...
Skipping task 9...
